2026-09-14 21:29:17 ERROR [OkHttp http://localhost:4317/...] i.o.e.otlp.internal.GrpcExporter - Failed to export metrics. The request could not be executed.
java.net.ConnectException: Failed to connect to localhost/[0:0:0:0:0:0:0:1]:4317
	at okhttp3.internal.connection.ConnectPlan.connectSocket(ConnectPlan.kt:278)
	at okhttp3.internal.connection.ConnectPlan.connectTcp(ConnectPlan.kt:135)
	at okhttp3.internal.connection.FastFallbackExchangeFinder$launchTcpConnect$1.runOnce(FastFallbackExchangeFinder.kt:144)
	at okhttp3.internal.concurrent.TaskRunner$runnable$1.run(TaskRunner.kt:81)
	at java.base/java.util.concurrent.ThreadPoolExecutor.runWorker(ThreadPoolExecutor.java:1144)
	at java.base/java.util.concurrent.ThreadPoolExecutor$Worker.run(ThreadPoolExecutor.java:642)
	at java.base/java.lang.Thread.run(Thread.java:1583)
	Suppressed: java.net.ConnectException: Failed to connect to localhost/127.0.0.1:4317
		... 7 common frames omitted
	Caused by: java.net.ConnectException: Connection refused: getsockopt
		at java.base/sun.nio.ch.Net.pollConnect(Native Method)
		at java.base/sun.nio.ch.Net.pollConnectNow(Net.java:690)
		at java.base/sun.nio.ch.NioSocketImpl.timedFinishConnect(NioSocketImpl.java:542)
		at java.base/sun.nio.ch.NioSocketImpl.connect(NioSocketImpl.java:592)
		at java.base/java.net.SocksSocketImpl.connect(SocksSocketImpl.java:327)
		at java.base/java.net.Socket.connect(Socket.java:751)
		at okhttp3.internal.platform.Platform.connectSocket(Platform.kt:149)
		at okhttp3.internal.connection.ConnectPlan.connectSocket(ConnectPlan.kt:276)
		... 6 common frames omitted
Caused by: java.net.ConnectException: Connection refused: getsockopt
	at java.base/sun.nio.ch.Net.pollConnect(Native Method)
	at java.base/sun.nio.ch.Net.pollConnectNow(Net.java:690)
	at java.base/sun.nio.ch.NioSocketImpl.timedFinishConnect(NioSocketImpl.java:542)
	at java.base/sun.nio.ch.NioSocketImpl.connect(NioSocketImpl.java:592)
	at java.base/java.net.SocksSocketImpl.connect(SocksSocketImpl.java:327)
	at java.base/java.net.Socket.connect(Socket.java:751)
	at okhttp3.internal.platform.Platform.connectSocket(Platform.kt:149)
	at okhttp3.internal.connection.ConnectPlan.connectSocket(ConnectPlan.kt:276)
	... 6 common frames omitted
2026-09-14 21:29:17 WARN  [OkHttp http://localhost:4317/...] i.o.s.m.export.PeriodicMetricReader - Exporter failed
