2026-09-04 14:26:18 INFO  [main] com.trace.file.TraceFileApplication - Starting TraceFileApplication using Java 21.0.10 with PID 11372 (D:\Workspace\SpringToolSuite\trace-file\target\classes started by Priyanka in D:\Workspace\SpringToolSuite\trace-file)
2026-09-04 14:26:18 DEBUG [main] com.trace.file.TraceFileApplication - Running with Spring Boot v4.1.1, Spring v7.0.9
2026-09-04 14:26:18 INFO  [main] com.trace.file.TraceFileApplication - No active profile set, falling back to 1 default profile: "default"
2026-09-04 14:26:19 WARN  [main] o.s.b.w.s.r.c.AnnotationConfigReactiveWebServerApplicationContext - Exception encountered during context initialization - cancelling refresh attempt: org.springframework.beans.factory.support.BeanDefinitionOverrideException: Invalid bean definition with name 'auditorProvider' defined in class path resource [com/trace/file/config/AuditableAwareConfig.class]: Cannot register bean definition [Root bean: class=null; scope=; abstract=false; lazyInit=null; autowireMode=3; dependencyCheck=0; autowireCandidate=true; primary=false; fallback=false; factoryBeanName=auditableAwareConfig; factoryMethodName=auditorProvider; initMethodNames=null; destroyMethodNames=[(inferred)]; defined in class path resource [com/trace/file/config/AuditableAwareConfig.class]] for bean 'auditorProvider' since there is already [Generic bean: class=com.trace.file.config.SpringSecurityAuditorAware; scope=singleton; abstract=false; lazyInit=null; autowireMode=0; dependencyCheck=0; autowireCandidate=true; primary=false; fallback=false; factoryBeanName=null; factoryMethodName=null; initMethodNames=null; destroyMethodNames=null; defined in file [D:\Workspace\SpringToolSuite\trace-file\target\classes\com\trace\file\config\SpringSecurityAuditorAware.class]] bound.
2026-09-04 14:26:20 INFO  [main] o.s.b.a.l.ConditionEvaluationReportLogger - 

Error starting ApplicationContext. To display the condition evaluation report re-run your application with 'debug' enabled.
2026-09-04 14:26:20 ERROR [main] o.s.b.d.LoggingFailureAnalysisReporter - 

***************************
APPLICATION FAILED TO START
***************************

Description:

The bean 'auditorProvider', defined in class path resource [com/trace/file/config/AuditableAwareConfig.class], could not be registered. A bean with that name has already been defined in file [D:\Workspace\SpringToolSuite\trace-file\target\classes\com\trace\file\config\SpringSecurityAuditorAware.class] and overriding is disabled.

Action:

Consider renaming one of the beans or enabling overriding by setting spring.main.allow-bean-definition-overriding=true

2026-09-04 14:26:35 INFO  [main] com.trace.file.TraceFileApplication - Starting TraceFileApplication using Java 21.0.10 with PID 30424 (D:\Workspace\SpringToolSuite\trace-file\target\classes started by Priyanka in D:\Workspace\SpringToolSuite\trace-file)
2026-09-04 14:26:35 DEBUG [main] com.trace.file.TraceFileApplication - Running with Spring Boot v4.1.1, Spring v7.0.9
2026-09-04 14:26:35 INFO  [main] com.trace.file.TraceFileApplication - No active profile set, falling back to 1 default profile: "default"
2026-09-04 14:26:37 WARN  [main] o.s.b.w.s.r.c.AnnotationConfigReactiveWebServerApplicationContext - Exception encountered during context initialization - cancelling refresh attempt: org.springframework.beans.factory.support.BeanDefinitionOverrideException: Invalid bean definition with name 'auditorProvider' defined in class path resource [com/trace/file/config/AuditableAwareConfig.class]: Cannot register bean definition [Root bean: class=null; scope=; abstract=false; lazyInit=null; autowireMode=3; dependencyCheck=0; autowireCandidate=true; primary=false; fallback=false; factoryBeanName=auditableAwareConfig; factoryMethodName=auditorProvider; initMethodNames=null; destroyMethodNames=[(inferred)]; defined in class path resource [com/trace/file/config/AuditableAwareConfig.class]] for bean 'auditorProvider' since there is already [Generic bean: class=com.trace.file.config.SpringSecurityAuditorAware; scope=singleton; abstract=false; lazyInit=null; autowireMode=0; dependencyCheck=0; autowireCandidate=true; primary=false; fallback=false; factoryBeanName=null; factoryMethodName=null; initMethodNames=null; destroyMethodNames=null; defined in file [D:\Workspace\SpringToolSuite\trace-file\target\classes\com\trace\file\config\SpringSecurityAuditorAware.class]] bound.
2026-09-04 14:26:37 INFO  [main] o.s.b.a.l.ConditionEvaluationReportLogger - 

Error starting ApplicationContext. To display the condition evaluation report re-run your application with 'debug' enabled.
2026-09-04 14:26:37 ERROR [main] o.s.b.d.LoggingFailureAnalysisReporter - 

***************************
APPLICATION FAILED TO START
***************************

Description:

The bean 'auditorProvider', defined in class path resource [com/trace/file/config/AuditableAwareConfig.class], could not be registered. A bean with that name has already been defined in file [D:\Workspace\SpringToolSuite\trace-file\target\classes\com\trace\file\config\SpringSecurityAuditorAware.class] and overriding is disabled.

Action:

Consider renaming one of the beans or enabling overriding by setting spring.main.allow-bean-definition-overriding=true

