2026-08-31 19:03:27 INFO  [main] com.trace.file.TraceFileApplication - Starting TraceFileApplication using Java 21.0.10 with PID 24020 (D:\Workspace\SpringToolSuite\trace-file\target\classes started by Priyanka in D:\Workspace\SpringToolSuite\trace-file)
2026-08-31 19:03:27 DEBUG [main] com.trace.file.TraceFileApplication - Running with Spring Boot v4.1.1, Spring v7.0.9
2026-08-31 19:03:27 INFO  [main] com.trace.file.TraceFileApplication - No active profile set, falling back to 1 default profile: "default"
2026-08-31 19:03:30 INFO  [main] o.s.d.r.c.RepositoryConfigurationDelegate - Bootstrapping Spring Data JPA repositories in DEFAULT mode.
2026-08-31 19:03:30 INFO  [main] o.s.d.r.c.RepositoryConfigurationDelegate - Finished Spring Data repository scanning in 567 ms. Found 2 JPA repository interfaces.
2026-08-31 19:03:33 INFO  [main] org.hibernate.orm.jpa - HHH008540: Processing PersistenceUnitInfo [name: traceFile]
2026-08-31 19:03:33 INFO  [main] org.hibernate.orm.core - HHH000001: Hibernate ORM core version 7.4.5.Final
2026-08-31 19:03:35 INFO  [main] o.s.o.j.p.SpringPersistenceUnitInfo - No LoadTimeWeaver setup: ignoring JPA class transformer
2026-08-31 19:03:35 INFO  [main] com.zaxxer.hikari.HikariDataSource - HikariPool-1 - Starting...
2026-08-31 19:03:36 INFO  [main] com.zaxxer.hikari.pool.HikariPool - HikariPool-1 - Added connection oracle.jdbc.driver.T4CConnection@5a9baba8
2026-08-31 19:03:36 INFO  [main] com.zaxxer.hikari.HikariDataSource - HikariPool-1 - Start completed.
2026-08-31 19:03:38 WARN  [main] org.hibernate.orm.deprecation - HHH90000025: OracleDialect does not need to be specified explicitly using 'hibernate.dialect' (remove the property setting and it will be selected by default)
2026-08-31 19:03:38 WARN  [main] org.hibernate.orm.jdbc - HHH100123: Low default JDBC fetch size: 10 (consider setting 'hibernate.jdbc.fetch_size')
2026-08-31 19:03:38 INFO  [main] o.hibernate.orm.connections.pooling - HHH10001005: Database info:
	Database JDBC URL [jdbc:oracle:thin:@localhost:1521/XEPDB1]
	Database driver: Oracle JDBC driver
	Database dialect: OracleDialect
	Database version: 21.3
	Default catalog/schema: undefined/NEXTLEVEL_FILE
	Autocommit mode: undefined/unknown
	Isolation level: READ_COMMITTED [default READ_COMMITTED]
	JDBC fetch size: 10
	Pool: DataSourceConnectionProvider
	Minimum pool size: undefined/unknown
	Maximum pool size: undefined/unknown
2026-08-31 19:03:47 INFO  [main] org.hibernate.orm.core - HHH000489: No JTA platform available (set 'hibernate.transaction.jta.platform' to enable JTA platform integration)
2026-08-31 19:03:47 INFO  [main] org.hibernate.orm.jdbc.batch - HHH100501: Automatic JDBC statement batching enabled (maximum batch size 1000)
2026-08-31 19:03:53 INFO  [main] o.s.o.j.LocalContainerEntityManagerFactoryBean - Initialized JPA EntityManagerFactory for persistence unit 'traceFile'
2026-08-31 19:03:53 INFO  [main] o.s.d.j.r.q.QueryEnhancerFactories - Hibernate is in classpath; If applicable, HQL parser will be used.
2026-08-31 19:03:56 INFO  [main] o.s.b.s.a.ReactiveUserDetailsServiceAutoConfiguration - 

Using generated security password: 130dd9e3-9516-4397-bf5b-138b621949d6

2026-08-31 19:03:58 INFO  [main] o.s.b.a.e.web.EndpointLinksResolver - Exposing 2 endpoints beneath base path '/actuator'
2026-08-31 19:03:59 INFO  [main] o.s.b.reactor.netty.NettyWebServer - Netty started on port 8081 (http)
2026-08-31 19:03:59 INFO  [main] com.trace.file.TraceFileApplication - Started TraceFileApplication in 33.357 seconds (process running for 37.727)
