2026-08-27 21:48:00 INFO  [RMI TCP Connection(24)-127.0.0.1] o.s.b.a.SpringApplicationAdminMXBeanRegistrar$SpringApplicationAdmin - Application shutdown requested.
2026-08-27 21:48:00 INFO  [RMI TCP Connection(25)-127.0.0.1] o.s.b.a.SpringApplicationAdminMXBeanRegistrar$SpringApplicationAdmin - Application shutdown requested.
2026-08-27 21:48:00 INFO  [RMI TCP Connection(25)-127.0.0.1] o.s.b.a.SpringApplicationAdminMXBeanRegistrar$SpringApplicationAdmin - Application shutdown requested.
2026-08-27 21:48:00 INFO  [RMI TCP Connection(25)-127.0.0.1] o.s.b.a.SpringApplicationAdminMXBeanRegistrar$SpringApplicationAdmin - Application shutdown requested.
2026-08-27 21:48:31 INFO  [main] com.trace.file.TraceFileApplication - Starting TraceFileApplication using Java 21.0.10 with PID 32180 (D:\Workspace\SpringToolSuite\trace-file\target\classes started by Priyanka in D:\Workspace\SpringToolSuite\trace-file)
2026-08-27 21:48:31 DEBUG [main] com.trace.file.TraceFileApplication - Running with Spring Boot v4.1.1, Spring v7.0.9
2026-08-27 21:48:31 INFO  [main] com.trace.file.TraceFileApplication - No active profile set, falling back to 1 default profile: "default"
2026-08-27 21:48:31 INFO  [main] o.s.d.r.c.RepositoryConfigurationDelegate - Bootstrapping Spring Data JPA repositories in DEFAULT mode.
2026-08-27 21:48:32 INFO  [main] o.s.d.r.c.RepositoryConfigurationDelegate - Finished Spring Data repository scanning in 148 ms. Found 2 JPA repository interfaces.
2026-08-27 21:48:33 INFO  [main] org.hibernate.orm.jpa - HHH008540: Processing PersistenceUnitInfo [name: traceFile]
2026-08-27 21:48:33 INFO  [main] org.hibernate.orm.core - HHH000001: Hibernate ORM core version 7.4.5.Final
2026-08-27 21:48:34 INFO  [main] o.s.o.j.p.SpringPersistenceUnitInfo - No LoadTimeWeaver setup: ignoring JPA class transformer
2026-08-27 21:48:34 INFO  [main] com.zaxxer.hikari.HikariDataSource - HikariPool-1 - Starting...
2026-08-27 21:48:35 INFO  [main] com.zaxxer.hikari.pool.HikariPool - HikariPool-1 - Added connection oracle.jdbc.driver.T4CConnection@450f0d89
2026-08-27 21:48:35 INFO  [main] com.zaxxer.hikari.HikariDataSource - HikariPool-1 - Start completed.
2026-08-27 21:48:35 WARN  [main] org.hibernate.orm.deprecation - HHH90000025: OracleDialect does not need to be specified explicitly using 'hibernate.dialect' (remove the property setting and it will be selected by default)
2026-08-27 21:48:35 WARN  [main] org.hibernate.orm.jdbc - HHH100123: Low default JDBC fetch size: 10 (consider setting 'hibernate.jdbc.fetch_size')
2026-08-27 21:48:35 INFO  [main] o.hibernate.orm.connections.pooling - HHH10001005: Database info:
	Database JDBC URL [jdbc:oracle:thin:@localhost:1521/XEPDB1]
	Database driver: Oracle JDBC driver
	Database dialect: OracleDialect
	Database version: 21.3
	Default catalog/schema: undefined/NEXTLEVEL_FILE
	Autocommit mode: undefined/unknown
	Isolation level: READ_COMMITTED [default READ_COMMITTED]
	JDBC fetch size: 10
	Pool: DataSourceConnectionProvider
	Minimum pool size: undefined/unknown
	Maximum pool size: undefined/unknown
2026-08-27 21:48:37 INFO  [main] org.hibernate.orm.core - HHH000489: No JTA platform available (set 'hibernate.transaction.jta.platform' to enable JTA platform integration)
2026-08-27 21:48:37 INFO  [main] org.hibernate.orm.jdbc.batch - HHH100501: Automatic JDBC statement batching enabled (maximum batch size 1000)
2026-08-27 21:48:38 INFO  [main] o.s.o.j.LocalContainerEntityManagerFactoryBean - Initialized JPA EntityManagerFactory for persistence unit 'traceFile'
2026-08-27 21:48:38 INFO  [main] o.s.d.j.r.q.QueryEnhancerFactories - Hibernate is in classpath; If applicable, HQL parser will be used.
2026-08-27 21:48:40 INFO  [main] o.s.b.s.a.ReactiveUserDetailsServiceAutoConfiguration - 

Using generated security password: c9d36fca-3bb2-451d-9a4d-2784d53e2395

2026-08-27 21:48:40 INFO  [main] o.s.b.a.e.web.EndpointLinksResolver - Exposing 2 endpoints beneath base path '/actuator'
2026-08-27 21:48:41 INFO  [main] o.s.b.reactor.netty.NettyWebServer - Netty started on port 8081 (http)
2026-08-27 21:48:41 INFO  [main] com.trace.file.TraceFileApplication - Started TraceFileApplication in 10.738 seconds (process running for 24.347)
2026-08-27 21:48:41 INFO  [parallel-1] c.t.f.controller.DashboardController - Streaming progress updates to clients: 
2026-08-27 21:48:41 INFO  [parallel-2] c.t.f.controller.DashboardController - Streaming progress updates to clients: 
