2026-09-01 21:16:01 INFO  [main] org.hibernate.orm.jpa - HHH008540: Processing PersistenceUnitInfo [name: traceFile]
2026-09-01 21:16:01 INFO  [main] org.hibernate.orm.core - HHH000001: Hibernate ORM core version 7.4.5.Final
2026-09-01 21:16:02 INFO  [main] o.s.o.j.p.SpringPersistenceUnitInfo - No LoadTimeWeaver setup: ignoring JPA class transformer
2026-09-01 21:16:02 INFO  [main] com.zaxxer.hikari.HikariDataSource - HikariPool-1 - Starting...
2026-09-01 21:16:04 INFO  [main] com.zaxxer.hikari.pool.HikariPool - HikariPool-1 - Added connection oracle.jdbc.driver.T4CConnection@34e9de8d
2026-09-01 21:16:04 INFO  [main] com.zaxxer.hikari.HikariDataSource - HikariPool-1 - Start completed.
2026-09-01 21:16:05 WARN  [main] org.hibernate.orm.deprecation - HHH90000025: OracleDialect does not need to be specified explicitly using 'hibernate.dialect' (remove the property setting and it will be selected by default)
2026-09-01 21:16:05 WARN  [main] org.hibernate.orm.jdbc - HHH100123: Low default JDBC fetch size: 10 (consider setting 'hibernate.jdbc.fetch_size')
2026-09-01 21:16:05 INFO  [main] o.hibernate.orm.connections.pooling - HHH10001005: Database info:
	Database JDBC URL [jdbc:oracle:thin:@localhost:1521/XEPDB1]
	Database driver: Oracle JDBC driver
	Database dialect: OracleDialect
	Database version: 21.3
	Default catalog/schema: undefined/NEXTLEVEL_FILE
	Autocommit mode: undefined/unknown
	Isolation level: READ_COMMITTED [default READ_COMMITTED]
	JDBC fetch size: 10
	Pool: DataSourceConnectionProvider
	Minimum pool size: undefined/unknown
	Maximum pool size: undefined/unknown
2026-09-01 21:16:09 INFO  [main] org.hibernate.orm.core - HHH000489: No JTA platform available (set 'hibernate.transaction.jta.platform' to enable JTA platform integration)
2026-09-01 21:16:09 INFO  [main] org.hibernate.orm.jdbc.batch - HHH100501: Automatic JDBC statement batching enabled (maximum batch size 1000)
2026-09-01 21:16:09 INFO  [main] o.s.o.j.LocalContainerEntityManagerFactoryBean - Initialized JPA EntityManagerFactory for persistence unit 'traceFile'
2026-09-01 21:16:09 INFO  [main] o.s.d.j.r.q.QueryEnhancerFactories - Hibernate is in classpath; If applicable, HQL parser will be used.
2026-09-01 21:16:12 INFO  [main] o.s.b.s.a.ReactiveUserDetailsServiceAutoConfiguration - 

Using generated security password: 5d2dd284-2c6c-4def-a8ea-cab15a4dfc69

2026-09-01 21:16:13 INFO  [main] o.s.b.a.e.web.EndpointLinksResolver - Exposing 2 endpoints beneath base path '/actuator'
2026-09-01 21:16:14 INFO  [main] o.s.b.reactor.netty.NettyWebServer - Netty started on port 8081 (http)
2026-09-01 21:16:15 INFO  [main] com.trace.file.TraceFileApplication - Started TraceFileApplication in 20.859 seconds (process running for 43.899)
