2026-09-10 10:54:20.191 [main] INFO  com.trace.file.TraceFileApplication - Starting TraceFileApplication using Java 21.0.10 with PID 9116 (D:\Workspace\SpringToolSuite\trace-file\target\classes started by Priyanka in D:\Workspace\SpringToolSuite\trace-file)
2026-09-10 10:54:20.203 [main] DEBUG com.trace.file.TraceFileApplication - Running with Spring Boot v4.1.1, Spring v7.0.9
2026-09-10 10:54:20.204 [main] INFO  com.trace.file.TraceFileApplication - No active profile set, falling back to 1 default profile: "default"
2026-09-10 10:54:21.390 [main] INFO  o.s.d.r.c.RepositoryConfigurationDelegate - Bootstrapping Spring Data JPA repositories in DEFAULT mode.
2026-09-10 10:54:21.660 [main] INFO  o.s.d.r.c.RepositoryConfigurationDelegate - Finished Spring Data repository scanning in 253 ms. Found 2 JPA repository interfaces.
2026-09-10 10:54:23.810 [main] INFO  org.hibernate.orm.jpa - HHH008540: Processing PersistenceUnitInfo [name: traceFile]
2026-09-10 10:54:23.950 [main] INFO  org.hibernate.orm.core - HHH000001: Hibernate ORM core version 7.4.5.Final
2026-09-10 10:54:24.750 [main] INFO  o.s.o.j.p.SpringPersistenceUnitInfo - No LoadTimeWeaver setup: ignoring JPA class transformer
2026-09-10 10:54:24.809 [main] INFO  com.zaxxer.hikari.HikariDataSource - HikariPool-1 - Starting...
2026-09-10 10:54:29.031 [main] INFO  com.zaxxer.hikari.pool.HikariPool - HikariPool-1 - Added connection oracle.jdbc.driver.T4CConnection@591ba330
2026-09-10 10:54:29.034 [main] INFO  com.zaxxer.hikari.HikariDataSource - HikariPool-1 - Start completed.
2026-09-10 10:54:29.796 [main] WARN  org.hibernate.orm.deprecation - HHH90000025: OracleDialect does not need to be specified explicitly using 'hibernate.dialect' (remove the property setting and it will be selected by default)
2026-09-10 10:54:30.265 [main] WARN  org.hibernate.orm.jdbc - HHH100123: Low default JDBC fetch size: 10 (consider setting 'hibernate.jdbc.fetch_size')
2026-09-10 10:54:30.279 [main] INFO  o.hibernate.orm.connections.pooling - HHH10001005: Database info:
	Database JDBC URL [jdbc:oracle:thin:@localhost:1521/XEPDB1]
	Database driver: Oracle JDBC driver
	Database dialect: OracleDialect
	Database version: 21.3
	Default catalog/schema: undefined/NEXTLEVEL_FILE
	Autocommit mode: undefined/unknown
	Isolation level: READ_COMMITTED [default READ_COMMITTED]
	JDBC fetch size: 10
	Pool: DataSourceConnectionProvider
	Minimum pool size: undefined/unknown
	Maximum pool size: undefined/unknown
2026-09-10 10:54:35.095 [main] INFO  org.hibernate.orm.core - HHH000489: No JTA platform available (set 'hibernate.transaction.jta.platform' to enable JTA platform integration)
2026-09-10 10:54:35.103 [main] INFO  org.hibernate.orm.jdbc.batch - HHH100501: Automatic JDBC statement batching enabled (maximum batch size 1000)
2026-09-10 10:54:36.069 [main] INFO  o.s.o.j.LocalContainerEntityManagerFactoryBean - Initialized JPA EntityManagerFactory for persistence unit 'traceFile'
2026-09-10 10:54:36.398 [main] INFO  o.s.d.j.r.q.QueryEnhancerFactories - Hibernate is in classpath; If applicable, HQL parser will be used.
2026-09-10 10:54:37.987 [main] INFO  o.s.b.s.a.ReactiveUserDetailsServiceAutoConfiguration - 

Using generated security password: f3df5889-f98e-42c4-9ade-4c2a197da3e4

2026-09-10 10:54:38.797 [main] INFO  o.s.b.a.e.web.EndpointLinksResolver - Exposing 4 endpoints beneath base path '/actuator'
2026-09-10 10:54:39.424 [main] INFO  o.s.b.reactor.netty.NettyWebServer - Netty started on port 8081 (http)
2026-09-10 10:54:39.437 [main] INFO  com.trace.file.TraceFileApplication - Started TraceFileApplication in 20.34 seconds (process running for 22.867)
2026-09-10 11:27:03.234 [main] INFO  com.trace.file.TraceFileApplication - Starting TraceFileApplication using Java 21.0.10 with PID 32256 (D:\Workspace\SpringToolSuite\trace-file\target\classes started by Priyanka in D:\Workspace\SpringToolSuite\trace-file)
2026-09-10 11:27:03.237 [main] DEBUG com.trace.file.TraceFileApplication - Running with Spring Boot v4.1.1, Spring v7.0.9
2026-09-10 11:27:03.238 [main] INFO  com.trace.file.TraceFileApplication - No active profile set, falling back to 1 default profile: "default"
2026-09-10 11:27:04.072 [main] INFO  o.s.d.r.c.RepositoryConfigurationDelegate - Bootstrapping Spring Data JPA repositories in DEFAULT mode.
2026-09-10 11:27:04.242 [main] INFO  o.s.d.r.c.RepositoryConfigurationDelegate - Finished Spring Data repository scanning in 158 ms. Found 2 JPA repository interfaces.
2026-09-10 11:27:05.652 [main] INFO  org.hibernate.orm.jpa - HHH008540: Processing PersistenceUnitInfo [name: traceFile]
2026-09-10 11:27:05.780 [main] INFO  org.hibernate.orm.core - HHH000001: Hibernate ORM core version 7.4.5.Final
2026-09-10 11:27:06.524 [main] INFO  o.s.o.j.p.SpringPersistenceUnitInfo - No LoadTimeWeaver setup: ignoring JPA class transformer
2026-09-10 11:27:06.588 [main] INFO  com.zaxxer.hikari.HikariDataSource - HikariPool-1 - Starting...
2026-09-10 11:27:07.258 [main] INFO  com.zaxxer.hikari.pool.HikariPool - HikariPool-1 - Added connection oracle.jdbc.driver.T4CConnection@988c126
2026-09-10 11:27:07.262 [main] INFO  com.zaxxer.hikari.HikariDataSource - HikariPool-1 - Start completed.
2026-09-10 11:27:07.657 [main] WARN  org.hibernate.orm.deprecation - HHH90000025: OracleDialect does not need to be specified explicitly using 'hibernate.dialect' (remove the property setting and it will be selected by default)
2026-09-10 11:27:07.699 [main] WARN  org.hibernate.orm.jdbc - HHH100123: Low default JDBC fetch size: 10 (consider setting 'hibernate.jdbc.fetch_size')
2026-09-10 11:27:07.710 [main] INFO  o.hibernate.orm.connections.pooling - HHH10001005: Database info:
	Database JDBC URL [jdbc:oracle:thin:@localhost:1521/XEPDB1]
	Database driver: Oracle JDBC driver
	Database dialect: OracleDialect
	Database version: 21.3
	Default catalog/schema: undefined/NEXTLEVEL_FILE
	Autocommit mode: undefined/unknown
	Isolation level: READ_COMMITTED [default READ_COMMITTED]
	JDBC fetch size: 10
	Pool: DataSourceConnectionProvider
	Minimum pool size: undefined/unknown
	Maximum pool size: undefined/unknown
2026-09-10 11:27:09.789 [main] INFO  org.hibernate.orm.core - HHH000489: No JTA platform available (set 'hibernate.transaction.jta.platform' to enable JTA platform integration)
2026-09-10 11:27:09.796 [main] INFO  org.hibernate.orm.jdbc.batch - HHH100501: Automatic JDBC statement batching enabled (maximum batch size 1000)
2026-09-10 11:27:09.978 [main] INFO  o.s.o.j.LocalContainerEntityManagerFactoryBean - Initialized JPA EntityManagerFactory for persistence unit 'traceFile'
2026-09-10 11:27:10.218 [main] INFO  o.s.d.j.r.q.QueryEnhancerFactories - Hibernate is in classpath; If applicable, HQL parser will be used.
2026-09-10 11:27:11.646 [main] INFO  o.s.b.s.a.ReactiveUserDetailsServiceAutoConfiguration - 

Using generated security password: 0f5472b8-5cd7-4ecd-8cea-4370e715b1de

2026-09-10 11:27:12.215 [main] INFO  o.s.b.a.e.web.EndpointLinksResolver - Exposing 4 endpoints beneath base path '/actuator'
2026-09-10 11:27:12.724 [main] INFO  o.s.b.reactor.netty.NettyWebServer - Netty started on port 8081 (http)
2026-09-10 11:27:12.736 [main] INFO  com.trace.file.TraceFileApplication - Started TraceFileApplication in 10.327 seconds (process running for 11.878)
2026-09-10 11:28:28.315 [parallel-2] INFO  c.t.file.controller.FileController - Checker subscribed to stream
2026-09-10 11:28:46.915 [reactor-http-nio-3] WARN  c.t.f.c.e.GlobalExceptionHandler - Illegal Argument exception: File ID is required to start the scheduler. at path=/trace-file/dashboard/start
2026-09-10 11:46:08.416 [parallel-2] INFO  c.t.file.controller.FileController - Checker subscribed to stream
2026-09-10 12:09:58.717 [parallel-6] INFO  c.t.file.controller.FileController - Checker subscribed to stream
2026-09-10 12:10:16.681 [reactor-http-nio-5] WARN  c.t.f.c.e.GlobalExceptionHandler - Illegal Argument exception: File ID is required to start the scheduler. at path=/trace-file/dashboard/start
2026-09-10 12:25:30.006 [parallel-3] INFO  c.t.file.controller.FileController - Checker subscribed to stream
2026-09-10 12:25:52.098 [reactor-http-nio-1] WARN  c.t.f.c.e.GlobalExceptionHandler - Illegal Argument exception: File ID is required to start the scheduler. at path=/trace-file/dashboard/start
2026-09-10 13:44:28.545 [HikariPool-1:housekeeper] WARN  com.zaxxer.hikari.pool.HikariPool - HikariPool-1 - Thread starvation or clock leap detected (housekeeper delta=3m49s881ms903µs).
